CCS PCM C Compiler, Version 4.057, 7433               26-ago-10 19:31

               Filename: mainLuces.lst

               ROM used: 354 words (4%)
                         Largest free fragment is 2048
               RAM used: 33 (9%) at main() level
                         34 (9%) worst case
               Stack:    4 locations

*
0000:  MOVLW  00
0001:  MOVWF  0A
0002:  GOTO   104
0003:  NOP
.................... #INCLUDE "C:\Archivos de programa\PICC\Devices\16f877a.h" 
.................... //////// Standard Header file for the PIC16F877A device //////////////// 
.................... #device PIC16F877A 
.................... #list 
....................  
.................... #FUSES HS,NOWDT,NOLVP,PUT,NOPROTECT 
.................... #USE delay(clock=20000000) 
*
009A:  MOVLW  39
009B:  MOVWF  04
009C:  BCF    03.7
009D:  MOVF   00,W
009E:  BTFSC  03.2
009F:  GOTO   0AD
00A0:  MOVLW  06
00A1:  MOVWF  78
00A2:  CLRF   77
00A3:  DECFSZ 77,F
00A4:  GOTO   0A3
00A5:  DECFSZ 78,F
00A6:  GOTO   0A2
00A7:  MOVLW  7B
00A8:  MOVWF  77
00A9:  DECFSZ 77,F
00AA:  GOTO   0A9
00AB:  DECFSZ 00,F
00AC:  GOTO   0A0
.................... #BYTE PORTA=0x05  
.................... #BYTE PORTB=0x06  
.................... #BYTE PORTD=0x08  
....................  
.................... #BIT RA0=0x05.0 
.................... #BIT RA1=0x05.1 
.................... #BIT RA2=0x05.2 
.................... #BIT RA3=0x05.3 
.................... #BIT RA4=0x05.4 
....................  
.................... #BIT RB0=0x06.0 
.................... #BIT RB1=0x06.1 
.................... #BIT RB2=0x06.2 
.................... #BIT RB3=0x06.3 
.................... #BIT RB4=0x06.4 
.................... #BIT RB5=0x06.5 
.................... #BIT RB6=0x06.6 
....................  
.................... #BIT RD0=0x08.0//data 
.................... #BIT RD1=0x08.1//clock 
.................... #BIT RD2=0x08.2//reset 
....................  
.................... int i,apaga=1,prende=0; 
*
010F:  MOVLW  01
0110:  BCF    03.5
0111:  MOVWF  21
0112:  CLRF   22
.................... int letpos[16]={0,1,2,3,4,0,1,2,3,4,0,1,2,3,4,0}; 
0113:  CLRF   23
0114:  MOVWF  24
0115:  MOVLW  02
0116:  MOVWF  25
0117:  MOVLW  03
0118:  MOVWF  26
0119:  MOVLW  04
011A:  MOVWF  27
011B:  CLRF   28
011C:  MOVLW  01
011D:  MOVWF  29
011E:  MOVLW  02
011F:  MOVWF  2A
0120:  MOVLW  03
0121:  MOVWF  2B
0122:  MOVLW  04
0123:  MOVWF  2C
0124:  CLRF   2D
0125:  MOVLW  01
0126:  MOVWF  2E
0127:  MOVLW  02
0128:  MOVWF  2F
0129:  MOVLW  03
012A:  MOVWF  30
012B:  MOVLW  04
012C:  MOVWF  31
012D:  CLRF   32
.................... int const lether[5][7]={ 
.................... {0x00,0x00,0x00,0x00,0x00,0x00,0x00},  //  	vacio 
.................... {0x12,0x12,0x12,0x1E,0x12,0x12,0x12},  //  H 
.................... {0x0C,0x12,0x12,0x12,0x12,0x12,0x0C},  //  O 
.................... {0x1E,0x10,0x10,0x10,0x10,0x10,0x10},  //  L 
.................... {0x11,0x11,0x11,0x1F,0x11,0x11,0x0E},  //  A 
.................... }; 
....................  
.................... void waitjg(); 
.................... void waitletra(); 
.................... void set0(); 
.................... void set1(); 
.................... void reset(); 
.................... void set01(int pora); 
.................... void fila(int let,int nu); 
.................... void letrero(); 
....................  
.................... void main(void) 
.................... { 
*
0104:  CLRF   04
0105:  BCF    03.7
0106:  MOVLW  1F
0107:  ANDWF  03,F
0108:  BSF    03.5
0109:  BSF    1F.0
010A:  BSF    1F.1
010B:  BSF    1F.2
010C:  BCF    1F.3
010D:  MOVLW  07
010E:  MOVWF  1C
....................     long nh=0; 
*
012E:  CLRF   33
012F:  CLRF   34
.................... 	long useg1=5; 
0130:  MOVLW  05
0131:  MOVWF  35
0132:  CLRF   36
.................... 	int aux,iaux; 
.................... 	set_tris_b(0x00);  // PORTA_TRIS = 0b11000000; //1=ENTRADA, 0=SALIDA  
0133:  MOVLW  00
0134:  BSF    03.5
0135:  MOVWF  06
.................... 	set_tris_d(0x00);  
0136:  MOVWF  08
.................... 	set_tris_a(0x00); 
0137:  MOVWF  05
....................     PORTB=0; 
0138:  BCF    03.5
0139:  CLRF   06
.................... 	PORTD=1; 
013A:  MOVLW  01
013B:  MOVWF  08
.................... 	reset(); 
013C:  GOTO   030
....................  
.................... 	while(TRUE) 
....................     {	 
.................... 			nh++;	 
013D:  INCF   33,F
013E:  BTFSC  03.2
013F:  INCF   34,F
.................... 	 	if (nh<=useg1) 
0140:  MOVF   34,W
0141:  SUBWF  36,W
0142:  BTFSS  03.0
0143:  GOTO   14A
0144:  BTFSS  03.2
0145:  GOTO   149
0146:  MOVF   33,W
0147:  SUBWF  35,W
0148:  BTFSC  03.0
.................... 	   	    letrero(); 
0149:  GOTO   0AE
....................      	else    
....................       	   {nh=0; 
014A:  CLRF   34
014B:  CLRF   33
.................... 	      	aux=letpos[0]; 
014C:  MOVF   23,W
014D:  MOVWF  37
.................... 	      	for(iaux=0;iaux<16;iaux++) 
014E:  CLRF   38
014F:  MOVF   38,W
0150:  SUBLW  0F
0151:  BTFSS  03.0
0152:  GOTO   160
.................... 	      		{ aux++; 
0153:  INCF   37,F
.................... 	      	 	  if (aux==5)aux=0; 
0154:  MOVF   37,W
0155:  SUBLW  05
0156:  BTFSC  03.2
0157:  CLRF   37
.................... 			      letpos[iaux]=aux;		      	 
0158:  MOVLW  23
0159:  ADDWF  38,W
015A:  MOVWF  04
015B:  BCF    03.7
015C:  MOVF   37,W
015D:  MOVWF  00
.................... 	      	    }      	    	  
015E:  INCF   38,F
015F:  GOTO   14F
....................       	   } 
....................      }      	 
0160:  GOTO   13D
.................... 	 			 
.................... } 
....................  
....................  
.................... /*   
....................  
.................... */ 
....................  
.................... void fila(int nu){ 
....................    //  reset(); 
0161:  SLEEP
....................    for  (i=0;i<16;i++) 
*
0045:  CLRF   20
0046:  MOVF   20,W
0047:  SUBLW  0F
0048:  BTFSS  03.0
0049:  GOTO   097
....................     { 
....................      PORTA=lether[i][nu]; 
004A:  MOVF   20,W
004B:  MOVWF  3A
004C:  MOVLW  07
004D:  MOVWF  3B
*
0072:  MOVF   39,W
0073:  ADDWF  78,W
0074:  CALL   004
0075:  MOVWF  78
0076:  MOVWF  05
.................... 	set01(RA0);	 
0077:  MOVLW  00
0078:  BTFSC  05.0
0079:  MOVLW  01
007A:  MOVWF  3A
007B:  MOVWF  3B
007C:  CALL   036
.................... 	set01(RA1);	 
007D:  MOVLW  00
007E:  BTFSC  05.1
007F:  MOVLW  01
0080:  MOVWF  3A
0081:  MOVWF  3B
0082:  CALL   036
.................... 	set01(RA2);	 
0083:  MOVLW  00
0084:  BTFSC  05.2
0085:  MOVLW  01
0086:  MOVWF  3A
0087:  MOVWF  3B
0088:  CALL   036
.................... 	set01(RA3);	 
0089:  MOVLW  00
008A:  BTFSC  05.3
008B:  MOVLW  01
008C:  MOVWF  3A
008D:  MOVWF  3B
008E:  CALL   036
.................... 	set01(RA4);	 
008F:  MOVLW  00
0090:  BTFSC  05.4
0091:  MOVLW  01
0092:  MOVWF  3A
0093:  MOVWF  3B
0094:  CALL   036
.................... 				 
.................... 		 
....................     } 
0095:  INCF   20,F
0096:  GOTO   046
.................... } 
0097:  RETLW  00
....................  
.................... void set01(int pora){ 
.................... if (pora==0) 
*
0036:  MOVF   3B,F
0037:  BTFSS  03.2
0038:  GOTO   03F
.................... 			set0(); 
.................... 			else 
*
003E:  GOTO   044
.................... 			set1(); 
.................... } 
*
0044:  RETLW  00
.................... void letrero(){ 
....................  
....................      RB6=apaga; 
*
00AE:  BTFSS  21.0
00AF:  BCF    06.6
00B0:  BTFSC  21.0
00B1:  BSF    06.6
....................      fila(0); 
00B2:  CLRF   39
00B3:  CALL   045
....................      RB0=prende; 
00B4:  BTFSS  22.0
00B5:  BCF    06.0
00B6:  BTFSC  22.0
00B7:  BSF    06.0
....................      waitletra(); 
00B8:  CALL   098
.................... 	    
.................... 	 RB0=apaga; 
00B9:  BTFSS  21.0
00BA:  BCF    06.0
00BB:  BTFSC  21.0
00BC:  BSF    06.0
....................      fila(1); 
00BD:  MOVLW  01
00BE:  MOVWF  39
00BF:  CALL   045
....................      RB1=prende; 
00C0:  BTFSS  22.0
00C1:  BCF    06.1
00C2:  BTFSC  22.0
00C3:  BSF    06.1
....................      waitletra(); 
00C4:  CALL   098
.................... 	    
.................... 	 RB1=apaga; 
00C5:  BTFSS  21.0
00C6:  BCF    06.1
00C7:  BTFSC  21.0
00C8:  BSF    06.1
....................      fila(2); 
00C9:  MOVLW  02
00CA:  MOVWF  39
00CB:  CALL   045
....................      RB2=prende; 
00CC:  BTFSS  22.0
00CD:  BCF    06.2
00CE:  BTFSC  22.0
00CF:  BSF    06.2
....................      waitletra(); 
00D0:  CALL   098
.................... 	    
.................... 	 RB2=apaga; 
00D1:  BTFSS  21.0
00D2:  BCF    06.2
00D3:  BTFSC  21.0
00D4:  BSF    06.2
....................      fila(3); 
00D5:  MOVLW  03
00D6:  MOVWF  39
00D7:  CALL   045
....................      RB3=prende; 
00D8:  BTFSS  22.0
00D9:  BCF    06.3
00DA:  BTFSC  22.0
00DB:  BSF    06.3
....................      waitletra(); 
00DC:  CALL   098
.................... 	    
.................... 	 RB3=apaga; 
00DD:  BTFSS  21.0
00DE:  BCF    06.3
00DF:  BTFSC  21.0
00E0:  BSF    06.3
....................      fila(4); 
00E1:  MOVLW  04
00E2:  MOVWF  39
00E3:  CALL   045
....................      RB4=prende; 
00E4:  BTFSS  22.0
00E5:  BCF    06.4
00E6:  BTFSC  22.0
00E7:  BSF    06.4
....................      waitletra(); 
00E8:  CALL   098
.................... 	    
.................... 	 RB4=apaga; 
00E9:  BTFSS  21.0
00EA:  BCF    06.4
00EB:  BTFSC  21.0
00EC:  BSF    06.4
....................      fila(5); 
00ED:  MOVLW  05
00EE:  MOVWF  39
00EF:  CALL   045
....................      RB5=prende; 
00F0:  BTFSS  22.0
00F1:  BCF    06.5
00F2:  BTFSC  22.0
00F3:  BSF    06.5
....................      waitletra(); 
00F4:  CALL   098
.................... 	    
.................... 	 RB5=apaga; 
00F5:  BTFSS  21.0
00F6:  BCF    06.5
00F7:  BTFSC  21.0
00F8:  BSF    06.5
....................      fila(6); 
00F9:  MOVLW  06
00FA:  MOVWF  39
00FB:  CALL   045
....................      RB6=prende; 
00FC:  BTFSS  22.0
00FD:  BCF    06.6
00FE:  BTFSC  22.0
00FF:  BSF    06.6
....................      waitletra();  
0100:  CALL   098
....................       
.................... } 
0101:  BCF    0A.3
0102:  BCF    0A.4
0103:  GOTO   160 (RETURN)
....................  
.................... void set0(void){ 
....................  RD0=0;//data 
*
0039:  BCF    08.0
....................  waitjg(); 
003A:  CALL   02B
....................  RD1=0;//clock 
003B:  BCF    08.1
....................  waitjg(); 
003C:  CALL   02B
....................  RD1=1;//clock 
003D:  BSF    08.1
.................... } 
.................... void set1(void){ 
....................  RD0=1;//data 
*
003F:  BSF    08.0
....................  waitjg(); 
0040:  CALL   02B
....................  RD1=0;//clock 
0041:  BCF    08.1
....................  waitjg(); 
0042:  CALL   02B
....................  RD1=1;//clock 
0043:  BSF    08.1
.................... } 
.................... void reset(void){ 
....................  //for (irst=0;irst<20;irst++)set0(); 
....................  RD2=0;//data 
*
0030:  BCF    08.2
....................  waitjg(); 
0031:  CALL   02B
....................  RD2=1;//clock	 
0032:  BSF    08.2
.................... } 
0033:  BCF    0A.3
0034:  BCF    0A.4
0035:  GOTO   13D (RETURN)
.................... void waitjg(){delay_us(2);}//delay_us(2) 
*
002B:  MOVLW  03
002C:  MOVWF  77
002D:  DECFSZ 77,F
002E:  GOTO   02D
002F:  RETLW  00
.................... void waitletra(){delay_ms(1);}//delay_us(500) 
*
0098:  MOVLW  01
0099:  MOVWF  39
*
00AD:  RETLW  00
....................  
....................  
.................... /* 
.................... 	 RB0=0; 
.................... 	 RB1=0; 
.................... 	 RB2=0; 
.................... 	 RB3=0; 
.................... 	 RB4=0; 
.................... 	 RB5=0; 
.................... 	 RB6=0; 
....................   RD0=1;//data 
....................   RD1=1;//clock 
....................   RD2=1;//reset 
....................  
.................... //	PORTA_TRIS = 0b11000000; //1=ENTRADA, 0=SALIDA  
.................... //    PORTB_TRIS = 0b00000000; //1=ENTRADA, 0=SALIDA  
....................  
....................  
.................... */ 

Configuration Fuses:
   Word  1: 3F72   HS NOWDT PUT NODEBUG NOPROTECT BROWNOUT NOLVP NOCPD NOWRT
