CCS PCM C Compiler, Version 4.057, 6212               07-ene-11 18:39

               Filename: mainLuces.lst

               ROM used: 388 words (5%)
                         Largest free fragment is 2048
               RAM used: 24 (7%) at main() level
                         26 (7%) worst case
               Stack:    4 locations

*
0000:  MOVLW  00
0001:  MOVWF  0A
0002:  GOTO   133
0003:  NOP
.................... #INCLUDE "C:\Archivos de programa\PICC\Devices\16f877a.h" 
.................... //////// Standard Header file for the PIC16F877A device //////////////// 
.................... #device PIC16F877A 
.................... #list 
....................  
.................... #FUSES HS,NOWDT,NOLVP,PUT,NOPROTECT 
.................... #USE delay(clock=20000000) 
*
00C9:  MOVLW  30
00CA:  MOVWF  04
00CB:  BCF    03.7
00CC:  MOVF   00,W
00CD:  BTFSC  03.2
00CE:  GOTO   0DC
00CF:  MOVLW  06
00D0:  MOVWF  78
00D1:  CLRF   77
00D2:  DECFSZ 77,F
00D3:  GOTO   0D2
00D4:  DECFSZ 78,F
00D5:  GOTO   0D1
00D6:  MOVLW  7B
00D7:  MOVWF  77
00D8:  DECFSZ 77,F
00D9:  GOTO   0D8
00DA:  DECFSZ 00,F
00DB:  GOTO   0CF
.................... #BYTE PORTC=0x07  
.................... #BYTE PORTB=0x06  
.................... #BYTE PORTD=0x08  
....................  
.................... #BIT RC0=0x07.0 
.................... #BIT RC1=0x07.1 
.................... #BIT RC2=0x07.2 
.................... #BIT RC3=0x07.3 
.................... #BIT RC4=0x07.4 
....................  
.................... #BIT RB0=0x06.0 
.................... #BIT RB1=0x06.1 
.................... #BIT RB2=0x06.2 
.................... #BIT RB3=0x06.3 
.................... #BIT RB4=0x06.4 
.................... #BIT RB5=0x06.5 
.................... #BIT RB6=0x06.6 
....................  
.................... #BIT RD0=0x08.0//data 
.................... #BIT RD1=0x08.1//clock 
.................... #BIT RD2=0x08.2//reset 
....................  
.................... long useg1=50; 
*
013E:  MOVLW  32
013F:  BCF    03.5
0140:  MOVWF  20
0141:  CLRF   21
.................... int i,apaga=0,prende=1; 
0142:  CLRF   23
0143:  MOVLW  01
0144:  MOVWF  24
.................... int letpos[6]={0,1,2,3,4,5}; 
0145:  CLRF   25
0146:  MOVWF  26
0147:  MOVLW  02
0148:  MOVWF  27
0149:  MOVLW  03
014A:  MOVWF  28
014B:  MOVLW  04
014C:  MOVWF  29
014D:  MOVLW  05
014E:  MOVWF  2A
.................... int const lether[13][7]={ 
.................... {0x1F,0x1F,0x1F,0x1F,0x1F,0x1F,0x1F},  //  	vacio 
.................... {0x0E,0x0E,0x0E,0x0E,0x0A,0x04,0x0E},  //  M 
.................... {0x0E,0x0E,0x0E,0x00,0x0E,0x0E,0x11},  //  A 
.................... {0x0E,0x0E,0x0C,0x0A,0x06,0x0E,0x0E},  //  N 
.................... {0x11,0x0E,0x0E,0x0E,0x0E,0x0E,0x0E},  //  U 
.................... {0x0E,0x0E,0x0E,0x00,0x0E,0x0E,0x11},  //  A 
.................... {0x00,0x0F,0x0F,0x0F,0x0F,0x0F,0x0F},  //  L 
.................... {0x00,0x1B,0x1B,0x1B,0x1B,0x1B,0x00},  //  I 
.................... {0x01,0x16,0x16,0x16,0x16,0x16,0x01},  //  D 
.................... {0x0E,0x0E,0x0E,0x00,0x0E,0x0E,0x11},  //  A 
.................... {0x01,0x16,0x16,0x16,0x16,0x16,0x01},  //  D  
.................... {0x00,0x0F,0x0F,0x03,0x0F,0x0F,0x00},  //  E 
.................... {0x01,0x1E,0x1E,0x11,0x0F,0x0F,0x10},  //  S 
.................... }; 
....................  
....................  
....................  
....................  
.................... //void waitjg(); 
.................... //void waitletra(); 
.................... void waitjg(){delay_us(2);}//delay_us(2) 
*
0063:  MOVLW  03
0064:  MOVWF  77
0065:  DECFSZ 77,F
0066:  GOTO   065
0067:  RETLW  00
.................... void waitletra(){delay_ms(1);}//delay_us(500) 
*
00C7:  MOVLW  01
00C8:  MOVWF  30
*
00DC:  RETLW  00
....................  
.................... void piz(int let,int pos); 
.................... void pde(int let,int pos); 
.................... //void set0(); 
.................... //void set1(); 
.................... void reset(); 
.................... void set01(); 
.................... void fila(int nu); 
.................... void letrero(); 
....................  
.................... void main(void) 
.................... { 
*
0133:  CLRF   04
0134:  BCF    03.7
0135:  MOVLW  1F
0136:  ANDWF  03,F
0137:  BSF    03.5
0138:  BSF    1F.0
0139:  BSF    1F.1
013A:  BSF    1F.2
013B:  BCF    1F.3
013C:  MOVLW  07
013D:  MOVWF  1C
....................     long nh=0; 
*
0151:  CLRF   2C
0152:  CLRF   2D
....................     
.................... 	//long useg1=50; 
.................... 	int aux,iaux; 
.................... 	set_tris_b(0x00);  // PORTA_TRIS = 0b11000000; //1=ENTRADA, 0=SALIDA  
0153:  MOVLW  00
0154:  BSF    03.5
0155:  MOVWF  06
.................... 	set_tris_d(0x00);  
0156:  MOVWF  08
.................... 	set_tris_c(0x00); 
*
014F:  MOVLW  FF
0150:  MOVWF  2B
*
0157:  MOVWF  07
0158:  BCF    03.5
0159:  MOVWF  2B
....................     PORTB=0; 
015A:  CLRF   06
....................     PORTC=0; 
015B:  CLRF   07
.................... 	PORTD=1; 
015C:  MOVLW  01
015D:  MOVWF  08
.................... 	reset(); 
015E:  GOTO   068
....................  
.................... 	while(TRUE) 
....................     {	 
.................... 			nh++;	 
015F:  INCF   2C,F
0160:  BTFSC  03.2
0161:  INCF   2D,F
.................... 	 	if (nh<=useg1) 
0162:  MOVF   2D,W
0163:  SUBWF  21,W
0164:  BTFSS  03.0
0165:  GOTO   16C
0166:  BTFSS  03.2
0167:  GOTO   16B
0168:  MOVF   2C,W
0169:  SUBWF  20,W
016A:  BTFSC  03.0
.................... 	   	    letrero(); 
016B:  GOTO   0DD
....................      	else    
....................       	   {nh=0; 
016C:  CLRF   2D
016D:  CLRF   2C
.................... 	      	aux=letpos[0]; 
016E:  MOVF   25,W
016F:  MOVWF  2E
.................... 	      	for(iaux=0;iaux<6;iaux++) 
0170:  CLRF   2F
0171:  MOVF   2F,W
0172:  SUBLW  05
0173:  BTFSS  03.0
0174:  GOTO   182
.................... 	      		{ aux++; 
0175:  INCF   2E,F
.................... 	      	 	  if (aux==13)aux=0; 
0176:  MOVF   2E,W
0177:  SUBLW  0D
0178:  BTFSC  03.2
0179:  CLRF   2E
.................... 			      letpos[iaux]=aux;		      	 
017A:  MOVLW  25
017B:  ADDWF  2F,W
017C:  MOVWF  04
017D:  BCF    03.7
017E:  MOVF   2E,W
017F:  MOVWF  00
.................... 	      	    }      	    	  
0180:  INCF   2F,F
0181:  GOTO   171
....................       	   } 
....................      }      	 
0182:  GOTO   15F
.................... 	 			 
.................... } 
....................  
....................  
.................... /*   
....................  
.................... */ 
....................  
.................... void fila(int nu){ 
....................    //  reset(); 
0183:  SLEEP
....................   
....................     for  (i=0;i<6;i++) 
*
0073:  CLRF   22
0074:  MOVF   22,W
0075:  SUBLW  05
0076:  BTFSS  03.0
0077:  GOTO   0C6
....................     { 
....................     PORTC=lether[letpos[i]][nu]; 
0078:  MOVLW  25
0079:  ADDWF  22,W
007A:  MOVWF  04
007B:  BCF    03.7
007C:  MOVF   00,W
007D:  MOVWF  32
007E:  MOVLW  07
007F:  MOVWF  33
*
00A4:  MOVF   30,W
00A5:  ADDWF  78,W
00A6:  CALL   004
00A7:  MOVWF  78
00A8:  MOVWF  07
.................... 	RD0=RC4;set01();	 
00A9:  BTFSS  07.4
00AA:  BCF    08.0
00AB:  BTFSC  07.4
00AC:  BSF    08.0
00AD:  CALL   06E
.................... 	RD0=RC3;set01(); 
00AE:  BTFSS  07.3
00AF:  BCF    08.0
00B0:  BTFSC  07.3
00B1:  BSF    08.0
00B2:  CALL   06E
.................... 	RD0=RC2;set01(); 
00B3:  BTFSS  07.2
00B4:  BCF    08.0
00B5:  BTFSC  07.2
00B6:  BSF    08.0
00B7:  CALL   06E
.................... 	RD0=RC1;set01(); 
00B8:  BTFSS  07.1
00B9:  BCF    08.0
00BA:  BTFSC  07.1
00BB:  BSF    08.0
00BC:  CALL   06E
.................... 	RD0=RC0;set01(); 
00BD:  BTFSS  07.0
00BE:  BCF    08.0
00BF:  BTFSC  07.0
00C0:  BSF    08.0
00C1:  CALL   06E
.................... 	RD0=1;set01();				 
00C2:  BSF    08.0
00C3:  CALL   06E
....................     } 
00C4:  INCF   22,F
00C5:  GOTO   074
.................... } 
00C6:  RETLW  00
....................  
....................  
.................... void set01(){ 
....................   
....................  waitjg(); 
*
006E:  CALL   063
....................  RD1=0;//clock 
006F:  BCF    08.1
....................  waitjg(); 
0070:  CALL   063
....................  RD1=1;//clock 
0071:  BSF    08.1
.................... } 
0072:  RETLW  00
.................... void letrero(){ 
....................  
....................      RB6=apaga; 
*
00DD:  BTFSS  23.0
00DE:  BCF    06.6
00DF:  BTFSC  23.0
00E0:  BSF    06.6
....................      fila(0); 
00E1:  CLRF   30
00E2:  CALL   073
....................      RB0=prende; 
00E3:  BTFSS  24.0
00E4:  BCF    06.0
00E5:  BTFSC  24.0
00E6:  BSF    06.0
....................      waitletra(); 
00E7:  CALL   0C7
....................  
.................... 	 RB0=apaga; 
00E8:  BTFSS  23.0
00E9:  BCF    06.0
00EA:  BTFSC  23.0
00EB:  BSF    06.0
....................      fila(1); 
00EC:  MOVLW  01
00ED:  MOVWF  30
00EE:  CALL   073
....................      RB1=prende; 
00EF:  BTFSS  24.0
00F0:  BCF    06.1
00F1:  BTFSC  24.0
00F2:  BSF    06.1
....................      waitletra(); 
00F3:  CALL   0C7
....................  
.................... 	 RB1=apaga; 
00F4:  BTFSS  23.0
00F5:  BCF    06.1
00F6:  BTFSC  23.0
00F7:  BSF    06.1
....................    fila(2); 
00F8:  MOVLW  02
00F9:  MOVWF  30
00FA:  CALL   073
....................      RB2=prende; 
00FB:  BTFSS  24.0
00FC:  BCF    06.2
00FD:  BTFSC  24.0
00FE:  BSF    06.2
....................      waitletra(); 
00FF:  CALL   0C7
.................... 	    
.................... 	 RB2=apaga; 
0100:  BTFSS  23.0
0101:  BCF    06.2
0102:  BTFSC  23.0
0103:  BSF    06.2
....................    fila(3); 
0104:  MOVLW  03
0105:  MOVWF  30
0106:  CALL   073
....................      RB3=prende; 
0107:  BTFSS  24.0
0108:  BCF    06.3
0109:  BTFSC  24.0
010A:  BSF    06.3
....................      waitletra(); 
010B:  CALL   0C7
.................... 	    
.................... 	 RB3=apaga; 
010C:  BTFSS  23.0
010D:  BCF    06.3
010E:  BTFSC  23.0
010F:  BSF    06.3
....................   fila(4); 
0110:  MOVLW  04
0111:  MOVWF  30
0112:  CALL   073
....................      RB4=prende; 
0113:  BTFSS  24.0
0114:  BCF    06.4
0115:  BTFSC  24.0
0116:  BSF    06.4
....................      waitletra(); 
0117:  CALL   0C7
.................... 	    
.................... 	 RB4=apaga; 
0118:  BTFSS  23.0
0119:  BCF    06.4
011A:  BTFSC  23.0
011B:  BSF    06.4
....................    fila(5); 
011C:  MOVLW  05
011D:  MOVWF  30
011E:  CALL   073
....................      RB5=prende; 
011F:  BTFSS  24.0
0120:  BCF    06.5
0121:  BTFSC  24.0
0122:  BSF    06.5
....................      waitletra(); 
0123:  CALL   0C7
.................... 	    
.................... 	 RB5=apaga; 
0124:  BTFSS  23.0
0125:  BCF    06.5
0126:  BTFSC  23.0
0127:  BSF    06.5
....................    fila(6); 
0128:  MOVLW  06
0129:  MOVWF  30
012A:  CALL   073
....................      RB6=prende; 
012B:  BTFSS  24.0
012C:  BCF    06.6
012D:  BTFSC  24.0
012E:  BSF    06.6
....................      waitletra();  
012F:  CALL   0C7
....................  
....................       
.................... } 
0130:  BCF    0A.3
0131:  BCF    0A.4
0132:  GOTO   182 (RETURN)
....................  
....................  
....................  
.................... /* 
.................... void set0(void){ 
....................  RD0=0;//data 
....................  waitjg(); 
....................  RD1=0;//clock 
....................  waitjg(); 
....................  RD1=1;//clock 
.................... } 
.................... void set1(void){ 
....................  RD0=1;//data 
....................  waitjg(); 
....................  RD1=0;//clock 
....................  waitjg(); 
....................  RD1=1;//clock 
.................... } 
....................  
.................... */ 
.................... void reset(void){ 
....................  //for (irst=0;irst<20;irst++)set0(); 
....................  RD2=0;//data 
*
0068:  BCF    08.2
....................  waitjg(); 
0069:  CALL   063
....................  RD2=1;//clock	 
006A:  BSF    08.2
.................... } 
006B:  BCF    0A.3
006C:  BCF    0A.4
006D:  GOTO   15F (RETURN)
....................  
....................  
....................  
.................... /* 
.................... 	 RB0=0; 
.................... 	 RB1=0; 
.................... 	 RB2=0; 
.................... 	 RB3=0; 
.................... 	 RB4=0; 
.................... 	 RB5=0; 
.................... 	 RB6=0; 
....................   RD0=1;//data 
....................   RD1=1;//clock 
....................   RD2=1;//reset 
....................  
.................... //	PORTA_TRIS = 0b11000000; //1=ENTRADA, 0=SALIDA  
.................... //    PORTB_TRIS = 0b00000000; //1=ENTRADA, 0=SALIDA  
....................  
....................  
.................... */ 

Configuration Fuses:
   Word  1: 3F72   HS NOWDT PUT NODEBUG NOPROTECT BROWNOUT NOLVP NOCPD NOWRT
