CCS PCM C Compiler, Version 4.057, 6212               08-ene-11 21:59

               Filename: mainLuces.lst

               ROM used: 721 words (9%)
                         Largest free fragment is 2048
               RAM used: 29 (8%) at main() level
                         33 (9%) worst case
               Stack:    4 locations

*
0000:  MOVLW  00
0001:  MOVWF  0A
0002:  GOTO   25C
0003:  NOP
.................... #INCLUDE "C:\Archivos de programa\PICC\Devices\16f877a.h" 
.................... //////// Standard Header file for the PIC16F877A device //////////////// 
.................... #device PIC16F877A 
.................... #list 
....................  
.................... #FUSES HS,NOWDT,NOLVP,PUT,NOPROTECT 
.................... #USE delay(clock=20000000) 
*
013E:  MOVLW  37
013F:  MOVWF  04
0140:  BCF    03.7
0141:  MOVF   00,W
0142:  BTFSC  03.2
0143:  GOTO   151
0144:  MOVLW  06
0145:  MOVWF  78
0146:  CLRF   77
0147:  DECFSZ 77,F
0148:  GOTO   147
0149:  DECFSZ 78,F
014A:  GOTO   146
014B:  MOVLW  7B
014C:  MOVWF  77
014D:  DECFSZ 77,F
014E:  GOTO   14D
014F:  DECFSZ 00,F
0150:  GOTO   144
0151:  RETLW  00
.................... #BYTE PORTC=0x07  
.................... #BYTE PORTB=0x06  
.................... #BYTE PORTD=0x08  
....................  
.................... #BIT RC0=0x07.0 
.................... #BIT RC1=0x07.1 
.................... #BIT RC2=0x07.2 
.................... #BIT RC3=0x07.3 
.................... #BIT RC4=0x07.4 
.................... #BIT RC5=0x07.5 
.................... #BIT RC6=0x07.6 
....................  
.................... #BIT RB0=0x06.0 
.................... #BIT RB1=0x06.1 
.................... #BIT RB2=0x06.2 
.................... #BIT RB3=0x06.3 
.................... #BIT RB4=0x06.4 
.................... #BIT RB5=0x06.5 
.................... #BIT RB6=0x06.6 
....................  
.................... #BIT RD0=0x08.0//data 
.................... #BIT RD1=0x08.1//clock 
.................... #BIT RD2=0x08.2//reset 
....................  
.................... int useg1=8,useg2=20; 
*
0267:  MOVLW  08
0268:  BCF    03.5
0269:  MOVWF  20
026A:  MOVLW  14
026B:  MOVWF  21
.................... int aux,iaux,auxportb,apbi,intsb=0; 
026C:  CLRF   26
.................... int i,apaga=0,prende=1; 
026D:  CLRF   28
026E:  MOVLW  01
026F:  MOVWF  29
.................... int num=5,num2=0,posled2=1; 
0270:  MOVLW  05
0271:  MOVWF  2A
0272:  CLRF   2B
0273:  MOVLW  01
0274:  MOVWF  2C
.................... int letpos[6]={0,1,2,3,4,5}; 
0275:  CLRF   2D
0276:  MOVWF  2E
0277:  MOVLW  02
0278:  MOVWF  2F
0279:  MOVLW  03
027A:  MOVWF  30
027B:  MOVLW  04
027C:  MOVWF  31
027D:  MOVLW  05
027E:  MOVWF  32
.................... int const lether[13][7]={ 
.................... {0x1F,0x1F,0x1F,0x1F,0x1F,0x1F,0x1F},  //  	vacio 
.................... {0x0E,0x0E,0x0E,0x0E,0x0A,0x04,0x0E},  //  M 
.................... {0x0E,0x0E,0x0E,0x00,0x0E,0x0E,0x11},  //  A 
.................... {0x0E,0x0E,0x0C,0x0A,0x06,0x0E,0x0E},  //  N 
.................... {0x11,0x0E,0x0E,0x0E,0x0E,0x0E,0x0E},  //  U 
.................... {0x0E,0x0E,0x0E,0x00,0x0E,0x0E,0x11},  //  A 
.................... {0x00,0x0F,0x0F,0x0F,0x0F,0x0F,0x0F},  //  L 
.................... {0x00,0x1B,0x1B,0x1B,0x1B,0x1B,0x00},  //  I 
.................... {0x01,0x16,0x16,0x16,0x16,0x16,0x01},  //  D 
.................... {0x0E,0x0E,0x0E,0x00,0x0E,0x0E,0x11},  //  A 
.................... {0x01,0x16,0x16,0x16,0x16,0x16,0x01},  //  D  
.................... {0x00,0x0F,0x0F,0x03,0x0F,0x0F,0x00},  //  E 
.................... {0x01,0x1E,0x1E,0x11,0x0F,0x0F,0x10},  //  S 
.................... }; 
.................... void waitletra(){delay_ms(1);}//delay_us(500) 
.................... void reset(); 
.................... void set01(); 
.................... void fila(int nu); 
.................... void letrero(); 
.................... void letrero2(); 
.................... void letrero3(); 
.................... void pausaletrero(); 
.................... void intercambianumletra(); 
.................... void main(void) 
.................... { 
*
025C:  CLRF   04
025D:  BCF    03.7
025E:  MOVLW  1F
025F:  ANDWF  03,F
0260:  BSF    03.5
0261:  BSF    1F.0
0262:  BSF    1F.1
0263:  BSF    1F.2
0264:  BCF    1F.3
0265:  MOVLW  07
0266:  MOVWF  1C
....................     int nh=0; 
*
0281:  CLRF   34
....................    int cmde=0,csc=0; 
0282:  CLRF   35
0283:  CLRF   36
.................... 	//long useg1=50; 
.................... 	set_tris_b(0x00);  // PORTA_TRIS = 0b11000000; //1=ENTRADA, 0=SALIDA  
0284:  MOVLW  00
0285:  BSF    03.5
0286:  MOVWF  06
.................... 	set_tris_d(0x00);  
0287:  MOVWF  08
.................... 	set_tris_c(0x00); 
*
027F:  MOVLW  FF
0280:  MOVWF  33
*
0288:  MOVWF  07
0289:  BCF    03.5
028A:  MOVWF  33
....................     PORTB=0; 
028B:  CLRF   06
....................     PORTC=0; 
028C:  CLRF   07
.................... 	PORTD=1; 
028D:  MOVLW  01
028E:  MOVWF  08
.................... 	reset(); 
028F:  GOTO   063
....................  
.................... 	while(TRUE) 
....................     {	nh++; 
0290:  INCF   34,F
.................... 		switch (cmde)  
.................... 				{ 
0291:  MOVF   35,W
0292:  BTFSC  03.2
0293:  GOTO   298
0294:  XORLW  01
0295:  BTFSC  03.2
0296:  GOTO   2B4
0297:  GOTO   2CF
.................... 			    case 0: 
.................... 						 
.................... 						if (nh<=useg1) 
0298:  MOVF   34,W
0299:  SUBWF  20,W
029A:  BTFSS  03.0
029B:  GOTO   29E
.................... 	   	    				letrero(); 
029C:  CALL   152
....................      					else    
029D:  GOTO   2B3
....................       	   					{nh=0;num2++; 
029E:  CLRF   34
029F:  INCF   2B,F
.................... 						     if (num2>=6){intercambianumletra();num2=0;} 
02A0:  MOVF   2B,W
02A1:  SUBLW  05
02A2:  BTFSC  03.0
02A3:  GOTO   2A6
02A4:  GOTO   1B4
02A5:  CLRF   2B
.................... 						     num=5-num2;csc++; 
02A6:  MOVF   2B,W
02A7:  SUBLW  05
02A8:  MOVWF  2A
02A9:  INCF   36,F
.................... 							 if (csc>=80) {cmde=1;csc=0;nh=0;pausaletrero();} 
02AA:  MOVF   36,W
02AB:  SUBLW  4F
02AC:  BTFSC  03.0
02AD:  GOTO   2B3
02AE:  MOVLW  01
02AF:  MOVWF  35
02B0:  CLRF   36
02B1:  CLRF   34
02B2:  CALL   1CB
.................... 							} 
.................... 						 
....................            				break; 
02B3:  GOTO   2CF
....................  
....................  
....................     			case 1: 
.................... 						if (nh<=useg2) 
02B4:  MOVF   34,W
02B5:  SUBWF  21,W
02B6:  BTFSC  03.0
.................... 	   	    				letrero2(); 
02B7:  GOTO   1D5
....................      					else    
....................       	   					{nh=0; 
02B8:  CLRF   34
.................... 							 if (intsb==0) 
02B9:  MOVF   26,F
02BA:  BTFSS  03.2
02BB:  GOTO   2BE
.................... 							 	{posled2++;} 
02BC:  INCF   2C,F
.................... 							 else 
02BD:  GOTO   2C0
.................... 								{posled2=posled2-1;} 
02BE:  MOVLW  01
02BF:  SUBWF  2C,F
.................... 							 if (posled2>=8) 
02C0:  MOVF   2C,W
02C1:  SUBLW  07
02C2:  BTFSC  03.0
02C3:  GOTO   2C6
.................... 									{intsb=1;} 
02C4:  MOVLW  01
02C5:  MOVWF  26
.................... 						     if (intsb==1) 
02C6:  DECFSZ 26,W
02C7:  GOTO   2CE
.................... 								{if (posled2==0 ) 
02C8:  MOVF   2C,F
02C9:  BTFSS  03.2
02CA:  GOTO   2CE
.................... 									{intsb=0;cmde=0;pausaletrero();} 
02CB:  CLRF   26
02CC:  CLRF   35
02CD:  CALL   1CB
.................... 								}	 
.................... 							} 
.................... 						break; 
02CE:  GOTO   2CF
....................  
.................... 				 
.................... 				 } 
....................  
....................      }      	 
02CF:  GOTO   290
.................... 	 			 
.................... } 
....................  
....................  
.................... /*   
....................  
.................... */ 
....................  
.................... void fila(int nu){ 
....................    //  reset(); 
02D0:  SLEEP
....................   PORTC=lether[letpos[0]][nu]; 
*
009C:  MOVF   2D,W
009D:  MOVWF  39
009E:  MOVLW  07
009F:  MOVWF  3A
00A0:  CALL   06C
00A1:  MOVF   37,W
00A2:  ADDWF  78,W
00A3:  CALL   004
00A4:  MOVWF  78
00A5:  MOVWF  07
.................... if (num>=5){	RD0=RC4;set01();   } 
00A6:  MOVF   2A,W
00A7:  SUBLW  04
00A8:  BTFSC  03.0
00A9:  GOTO   0AF
00AA:  BTFSS  07.4
00AB:  BCF    08.0
00AC:  BTFSC  07.4
00AD:  BSF    08.0
00AE:  CALL   091
.................... if (num>=4){	RD0=RC3;set01();   } 
00AF:  MOVF   2A,W
00B0:  SUBLW  03
00B1:  BTFSC  03.0
00B2:  GOTO   0B8
00B3:  BTFSS  07.3
00B4:  BCF    08.0
00B5:  BTFSC  07.3
00B6:  BSF    08.0
00B7:  CALL   091
.................... if (num>=3){	RD0=RC2;set01();   } 
00B8:  MOVF   2A,W
00B9:  SUBLW  02
00BA:  BTFSC  03.0
00BB:  GOTO   0C1
00BC:  BTFSS  07.2
00BD:  BCF    08.0
00BE:  BTFSC  07.2
00BF:  BSF    08.0
00C0:  CALL   091
.................... if (num>=2){	RD0=RC1;set01();   } 
00C1:  MOVF   2A,W
00C2:  SUBLW  01
00C3:  BTFSC  03.0
00C4:  GOTO   0CA
00C5:  BTFSS  07.1
00C6:  BCF    08.0
00C7:  BTFSC  07.1
00C8:  BSF    08.0
00C9:  CALL   091
.................... if (num>=1){	RD0=RC0;set01();   } 
00CA:  MOVF   2A,W
00CB:  SUBLW  00
00CC:  BTFSC  03.0
00CD:  GOTO   0D3
00CE:  BTFSS  07.0
00CF:  BCF    08.0
00D0:  BTFSC  07.0
00D1:  BSF    08.0
00D2:  CALL   091
.................... RD0=1;set01(); 
00D3:  BSF    08.0
00D4:  CALL   091
....................     for  (i=1;i<5;i++) 
00D5:  MOVLW  01
00D6:  MOVWF  27
00D7:  MOVF   27,W
00D8:  SUBLW  04
00D9:  BTFSS  03.0
00DA:  GOTO   106
....................     { 
....................     PORTC=lether[letpos[i]][nu]; 
00DB:  MOVLW  2D
00DC:  ADDWF  27,W
00DD:  MOVWF  04
00DE:  BCF    03.7
00DF:  MOVF   00,W
00E0:  MOVWF  39
00E1:  MOVLW  07
00E2:  MOVWF  3A
00E3:  CALL   06C
00E4:  MOVF   37,W
00E5:  ADDWF  78,W
00E6:  CALL   004
00E7:  MOVWF  78
00E8:  MOVWF  07
.................... 	RD0=RC4;set01();	 
00E9:  BTFSS  07.4
00EA:  BCF    08.0
00EB:  BTFSC  07.4
00EC:  BSF    08.0
00ED:  CALL   091
.................... 	RD0=RC3;set01(); 
00EE:  BTFSS  07.3
00EF:  BCF    08.0
00F0:  BTFSC  07.3
00F1:  BSF    08.0
00F2:  CALL   091
.................... 	RD0=RC2;set01(); 
00F3:  BTFSS  07.2
00F4:  BCF    08.0
00F5:  BTFSC  07.2
00F6:  BSF    08.0
00F7:  CALL   091
.................... 	RD0=RC1;set01(); 
00F8:  BTFSS  07.1
00F9:  BCF    08.0
00FA:  BTFSC  07.1
00FB:  BSF    08.0
00FC:  CALL   091
.................... 	RD0=RC0;set01(); 
00FD:  BTFSS  07.0
00FE:  BCF    08.0
00FF:  BTFSC  07.0
0100:  BSF    08.0
0101:  CALL   091
.................... 	RD0=1;set01();				 
0102:  BSF    08.0
0103:  CALL   091
....................     } 
0104:  INCF   27,F
0105:  GOTO   0D7
....................  PORTC=lether[letpos[5]][nu]; 
0106:  MOVF   32,W
0107:  MOVWF  39
0108:  MOVLW  07
0109:  MOVWF  3A
010A:  CALL   06C
010B:  MOVF   37,W
010C:  ADDWF  78,W
010D:  CALL   004
010E:  MOVWF  78
010F:  MOVWF  07
.................... if (num2>=1){	RD0=RC4;set01();   } 
0110:  MOVF   2B,W
0111:  SUBLW  00
0112:  BTFSC  03.0
0113:  GOTO   119
0114:  BTFSS  07.4
0115:  BCF    08.0
0116:  BTFSC  07.4
0117:  BSF    08.0
0118:  CALL   091
.................... if (num2>=2){	RD0=RC3;set01();   } 
0119:  MOVF   2B,W
011A:  SUBLW  01
011B:  BTFSC  03.0
011C:  GOTO   122
011D:  BTFSS  07.3
011E:  BCF    08.0
011F:  BTFSC  07.3
0120:  BSF    08.0
0121:  CALL   091
.................... if (num2>=3){	RD0=RC2;set01();   } 
0122:  MOVF   2B,W
0123:  SUBLW  02
0124:  BTFSC  03.0
0125:  GOTO   12B
0126:  BTFSS  07.2
0127:  BCF    08.0
0128:  BTFSC  07.2
0129:  BSF    08.0
012A:  CALL   091
.................... if (num2>=4){	RD0=RC1;set01();   } 
012B:  MOVF   2B,W
012C:  SUBLW  03
012D:  BTFSC  03.0
012E:  GOTO   134
012F:  BTFSS  07.1
0130:  BCF    08.0
0131:  BTFSC  07.1
0132:  BSF    08.0
0133:  CALL   091
.................... if (num2>=5){	RD0=RC0;set01();   } 
0134:  MOVF   2B,W
0135:  SUBLW  04
0136:  BTFSC  03.0
0137:  GOTO   13D
0138:  BTFSS  07.0
0139:  BCF    08.0
013A:  BTFSC  07.0
013B:  BSF    08.0
013C:  CALL   091
....................  
.................... } 
013D:  RETLW  00
.................... void intercambianumletra(){ 
....................  
.................... 			aux=letpos[0]; 
*
01B4:  MOVF   2D,W
01B5:  MOVWF  22
.................... 	      	for(iaux=0;iaux<6;iaux++) 
01B6:  CLRF   23
01B7:  MOVF   23,W
01B8:  SUBLW  05
01B9:  BTFSS  03.0
01BA:  GOTO   1C8
.................... 	      		{ aux++; 
01BB:  INCF   22,F
.................... 	      	 	  if (aux==13)aux=0; 
01BC:  MOVF   22,W
01BD:  SUBLW  0D
01BE:  BTFSC  03.2
01BF:  CLRF   22
.................... 			      letpos[iaux]=aux;		      	 
01C0:  MOVLW  2D
01C1:  ADDWF  23,W
01C2:  MOVWF  04
01C3:  BCF    03.7
01C4:  MOVF   22,W
01C5:  MOVWF  00
.................... 	      	    } 
01C6:  INCF   23,F
01C7:  GOTO   1B7
....................  } 
01C8:  BCF    0A.3
01C9:  BCF    0A.4
01CA:  GOTO   2A5 (RETURN)
.................... void set01(){ 
....................   
....................  delay_us(2); 
*
0091:  MOVLW  03
0092:  MOVWF  77
0093:  DECFSZ 77,F
0094:  GOTO   093
....................  RD1=0;//clock 
0095:  BCF    08.1
....................  delay_us(2); 
0096:  MOVLW  03
0097:  MOVWF  77
0098:  DECFSZ 77,F
0099:  GOTO   098
....................  RD1=1;//clock 
009A:  BSF    08.1
.................... } 
009B:  RETLW  00
.................... void letrero(){ 
....................  /* 
.................... PORTB=0X00; 
.................... fila(0); 
.................... PORTB=0X01; 
.................... delay_ms(1); 
....................  
.................... for(apbi=1;apbi<7;apbi++) 
.................... 	{  
....................  
.................... auxportb=PORTB; 
.................... PORTB=0X00; 
.................... fila(apbi); 
.................... PORTB=auxportb*2; 
.................... delay_ms(1);	 		      	 
....................     } 
....................  
....................    
....................   
.................... auxportb,apbi; */ 
.................... 	 RB6=apaga; 
*
0152:  BTFSS  28.0
0153:  BCF    06.6
0154:  BTFSC  28.0
0155:  BSF    06.6
....................      fila(0); 
0156:  CLRF   37
0157:  CALL   09C
....................      RB0=prende; 
0158:  BTFSS  29.0
0159:  BCF    06.0
015A:  BTFSC  29.0
015B:  BSF    06.0
....................      delay_ms(1); 
015C:  MOVLW  01
015D:  MOVWF  37
015E:  CALL   13E
....................  
.................... 	 RB0=apaga; 
015F:  BTFSS  28.0
0160:  BCF    06.0
0161:  BTFSC  28.0
0162:  BSF    06.0
....................      fila(1); 
0163:  MOVLW  01
0164:  MOVWF  37
0165:  CALL   09C
....................      RB1=prende; 
0166:  BTFSS  29.0
0167:  BCF    06.1
0168:  BTFSC  29.0
0169:  BSF    06.1
....................      delay_ms(1); 
016A:  MOVLW  01
016B:  MOVWF  37
016C:  CALL   13E
....................  
.................... 	 RB1=apaga; 
016D:  BTFSS  28.0
016E:  BCF    06.1
016F:  BTFSC  28.0
0170:  BSF    06.1
....................    fila(2); 
0171:  MOVLW  02
0172:  MOVWF  37
0173:  CALL   09C
....................      RB2=prende; 
0174:  BTFSS  29.0
0175:  BCF    06.2
0176:  BTFSC  29.0
0177:  BSF    06.2
....................      delay_ms(1); 
0178:  MOVLW  01
0179:  MOVWF  37
017A:  CALL   13E
.................... 	    
.................... 	 RB2=apaga; 
017B:  BTFSS  28.0
017C:  BCF    06.2
017D:  BTFSC  28.0
017E:  BSF    06.2
....................    fila(3); 
017F:  MOVLW  03
0180:  MOVWF  37
0181:  CALL   09C
....................      RB3=prende; 
0182:  BTFSS  29.0
0183:  BCF    06.3
0184:  BTFSC  29.0
0185:  BSF    06.3
....................      delay_ms(1); 
0186:  MOVLW  01
0187:  MOVWF  37
0188:  CALL   13E
.................... 	    
.................... 	 RB3=apaga; 
0189:  BTFSS  28.0
018A:  BCF    06.3
018B:  BTFSC  28.0
018C:  BSF    06.3
....................   fila(4); 
018D:  MOVLW  04
018E:  MOVWF  37
018F:  CALL   09C
....................      RB4=prende; 
0190:  BTFSS  29.0
0191:  BCF    06.4
0192:  BTFSC  29.0
0193:  BSF    06.4
....................      delay_ms(1); 
0194:  MOVLW  01
0195:  MOVWF  37
0196:  CALL   13E
.................... 	    
.................... 	 RB4=apaga; 
0197:  BTFSS  28.0
0198:  BCF    06.4
0199:  BTFSC  28.0
019A:  BSF    06.4
....................    fila(5); 
019B:  MOVLW  05
019C:  MOVWF  37
019D:  CALL   09C
....................      RB5=prende; 
019E:  BTFSS  29.0
019F:  BCF    06.5
01A0:  BTFSC  29.0
01A1:  BSF    06.5
....................      delay_ms(1); 
01A2:  MOVLW  01
01A3:  MOVWF  37
01A4:  CALL   13E
.................... 	    
.................... 	 RB5=apaga; 
01A5:  BTFSS  28.0
01A6:  BCF    06.5
01A7:  BTFSC  28.0
01A8:  BSF    06.5
....................    fila(6); 
01A9:  MOVLW  06
01AA:  MOVWF  37
01AB:  CALL   09C
....................      RB6=prende; 
01AC:  BTFSS  29.0
01AD:  BCF    06.6
01AE:  BTFSC  29.0
01AF:  BSF    06.6
....................      delay_ms(1); 
01B0:  MOVLW  01
01B1:  MOVWF  37
01B2:  CALL   13E
....................  
....................      
.................... } 
01B3:  RETLW  00
....................  
.................... void letrero2(){ 
....................  /* 
.................... PORTB=0X00; 
.................... fila(0); 
.................... PORTB=0X01; 
.................... delay_ms(1); 
....................  
.................... for(apbi=1;apbi<7;apbi++) 
.................... 	{  
....................  
.................... auxportb=PORTB; 
.................... PORTB=0X00; 
.................... fila(apbi); 
.................... PORTB=auxportb*2; 
.................... delay_ms(1);	 		      	 
....................     } 
....................  
....................    
....................   
.................... auxportb,apbi; posled2*/ 
.................... 	 PORTB=0X00; 
*
01D5:  CLRF   06
.................... 	 fila(0); 
01D6:  CLRF   37
01D7:  CALL   09C
....................      PORTC=0b0000001; 
01D8:  MOVLW  01
01D9:  MOVWF  07
....................      PORTB=PORTC<<posled2; 
01DA:  MOVF   07,W
01DB:  MOVWF  06
01DC:  MOVF   2C,W
01DD:  MOVWF  78
01DE:  BTFSC  03.2
01DF:  GOTO   1E4
01E0:  BCF    03.0
01E1:  RLF    06,F
01E2:  DECFSZ 78,F
01E3:  GOTO   1E0
.................... 	 delay_ms(1); 
01E4:  MOVLW  01
01E5:  MOVWF  37
01E6:  CALL   13E
....................  
.................... 	  PORTB=0X00; 
01E7:  CLRF   06
.................... 	  fila(1); 
01E8:  MOVLW  01
01E9:  MOVWF  37
01EA:  CALL   09C
....................      PORTC=0b0000010; 
01EB:  MOVLW  02
01EC:  MOVWF  07
....................      PORTB=PORTC<<posled2; 
01ED:  MOVF   07,W
01EE:  MOVWF  06
01EF:  MOVF   2C,W
01F0:  MOVWF  78
01F1:  BTFSC  03.2
01F2:  GOTO   1F7
01F3:  BCF    03.0
01F4:  RLF    06,F
01F5:  DECFSZ 78,F
01F6:  GOTO   1F3
.................... 	 delay_ms(1); 
01F7:  MOVLW  01
01F8:  MOVWF  37
01F9:  CALL   13E
....................  
.................... 	  PORTB=0X00; 
01FA:  CLRF   06
....................    fila(2); 
01FB:  MOVLW  02
01FC:  MOVWF  37
01FD:  CALL   09C
....................      PORTC=0b0000100; 
01FE:  MOVLW  04
01FF:  MOVWF  07
....................      PORTB=PORTC<<posled2; 
0200:  MOVF   07,W
0201:  MOVWF  06
0202:  MOVF   2C,W
0203:  MOVWF  78
0204:  BTFSC  03.2
0205:  GOTO   20A
0206:  BCF    03.0
0207:  RLF    06,F
0208:  DECFSZ 78,F
0209:  GOTO   206
.................... 	 delay_ms(1); 
020A:  MOVLW  01
020B:  MOVWF  37
020C:  CALL   13E
.................... 	    
.................... 	  PORTB=0X00; 
020D:  CLRF   06
....................    fila(3); 
020E:  MOVLW  03
020F:  MOVWF  37
0210:  CALL   09C
....................      PORTC=0b0001000; 
0211:  MOVLW  08
0212:  MOVWF  07
....................      PORTB=PORTC<<posled2; 
0213:  MOVF   07,W
0214:  MOVWF  06
0215:  MOVF   2C,W
0216:  MOVWF  78
0217:  BTFSC  03.2
0218:  GOTO   21D
0219:  BCF    03.0
021A:  RLF    06,F
021B:  DECFSZ 78,F
021C:  GOTO   219
.................... 	 delay_ms(1); 
021D:  MOVLW  01
021E:  MOVWF  37
021F:  CALL   13E
.................... 	    
.................... 	 PORTB=0X00; 
0220:  CLRF   06
....................   fila(4); 
0221:  MOVLW  04
0222:  MOVWF  37
0223:  CALL   09C
....................      PORTC=0b00010000; 
0224:  MOVLW  10
0225:  MOVWF  07
....................      PORTB=PORTC<<posled2; 
0226:  MOVF   07,W
0227:  MOVWF  06
0228:  MOVF   2C,W
0229:  MOVWF  78
022A:  BTFSC  03.2
022B:  GOTO   230
022C:  BCF    03.0
022D:  RLF    06,F
022E:  DECFSZ 78,F
022F:  GOTO   22C
.................... 	 delay_ms(1); 
0230:  MOVLW  01
0231:  MOVWF  37
0232:  CALL   13E
.................... 	    
.................... 	  PORTB=0X00; 
0233:  CLRF   06
....................    fila(5); 
0234:  MOVLW  05
0235:  MOVWF  37
0236:  CALL   09C
....................      PORTC=0b00100000; 
0237:  MOVLW  20
0238:  MOVWF  07
....................      PORTB=PORTC<<posled2; 
0239:  MOVF   07,W
023A:  MOVWF  06
023B:  MOVF   2C,W
023C:  MOVWF  78
023D:  BTFSC  03.2
023E:  GOTO   243
023F:  BCF    03.0
0240:  RLF    06,F
0241:  DECFSZ 78,F
0242:  GOTO   23F
.................... 	 delay_ms(1); 
0243:  MOVLW  01
0244:  MOVWF  37
0245:  CALL   13E
.................... 	    
.................... 	 PORTB=0X00; 
0246:  CLRF   06
....................    fila(6); 
0247:  MOVLW  06
0248:  MOVWF  37
0249:  CALL   09C
....................      PORTC=0b01000000; 
024A:  MOVLW  40
024B:  MOVWF  07
....................      PORTB=PORTC<<posled2; 
024C:  MOVF   07,W
024D:  MOVWF  06
024E:  MOVF   2C,W
024F:  MOVWF  78
0250:  BTFSC  03.2
0251:  GOTO   256
0252:  BCF    03.0
0253:  RLF    06,F
0254:  DECFSZ 78,F
0255:  GOTO   252
.................... 	 delay_ms(1); 
0256:  MOVLW  01
0257:  MOVWF  37
0258:  CALL   13E
....................  
....................      
.................... } 
0259:  BCF    0A.3
025A:  BCF    0A.4
025B:  GOTO   2CE (RETURN)
....................  
.................... void letrero3(){ 
....................  /* 
.................... PORTB=0X00; 
.................... fila(0); 
.................... PORTB=0X01; 
.................... delay_ms(1); 
....................  
.................... for(apbi=1;apbi<7;apbi++) 
.................... 	{  
....................  
.................... auxportb=PORTB; 
.................... PORTB=0X00; 
.................... fila(apbi); 
.................... PORTB=auxportb*2; 
.................... delay_ms(1);	 		      	 
....................     } 
....................  
....................    
....................   
.................... auxportb,apbi; posled2*/ 
.................... 	 PORTB=0X00; 
.................... 	 fila(0); 
....................      PORTC=0b0000001; 
....................      PORTB=PORTC>>posled2; 
.................... 	 delay_ms(1); 
....................  
.................... 	  PORTB=0X00; 
.................... 	  fila(1); 
....................      PORTC=0b0000010; 
....................      PORTB=PORTC>>posled2; 
.................... 	 delay_ms(1); 
....................  
.................... 	  PORTB=0X00; 
....................    fila(2); 
....................      PORTC=0b0000100; 
....................      PORTB=PORTC>>posled2; 
.................... 	 delay_ms(1); 
.................... 	    
.................... 	  PORTB=0X00; 
....................    fila(3); 
....................      PORTC=0b0001000; 
....................      PORTB=PORTC>>posled2; 
.................... 	 delay_ms(1); 
.................... 	    
.................... 	 PORTB=0X00; 
....................   fila(4); 
....................      PORTC=0b00010000; 
....................      PORTB=PORTC>>posled2; 
.................... 	 delay_ms(1); 
.................... 	    
.................... 	  PORTB=0X00; 
....................    fila(5); 
....................      PORTC=0b00100000; 
....................      PORTB=PORTC>>posled2; 
.................... 	 delay_ms(1); 
.................... 	    
.................... 	 PORTB=0X00; 
....................    fila(6); 
....................      PORTC=0b01000000; 
....................      PORTB=PORTC>>posled2; 
.................... 	 delay_ms(1); 
....................  
....................      
.................... } 
....................  
.................... /* 
.................... void set0(void){ 
....................  RD0=0;//data 
....................  waitjg(); 
....................  RD1=0;//clock 
....................  waitjg(); 
....................  RD1=1;//clock 
.................... } 
.................... void set1(void){ 
....................  RD0=1;//data 
....................  waitjg(); 
....................  RD1=0;//clock 
....................  waitjg(); 
....................  RD1=1;//clock 
.................... } 
....................  
.................... */ 
.................... void reset(void){ 
....................  //for (irst=0;irst<20;irst++)set0(); 
....................  RD2=0;//data 
*
0063:  BCF    08.2
....................  delay_us(2); 
0064:  MOVLW  03
0065:  MOVWF  77
0066:  DECFSZ 77,F
0067:  GOTO   066
....................  RD2=1;//clock	 
0068:  BSF    08.2
.................... } 
0069:  BCF    0A.3
006A:  BCF    0A.4
006B:  GOTO   290 (RETURN)
....................  
.................... void pausaletrero(void){ 
.................... for(apbi=1;apbi<200;apbi++) 
*
01CB:  MOVLW  01
01CC:  MOVWF  25
01CD:  MOVF   25,W
01CE:  SUBLW  C7
01CF:  BTFSS  03.0
01D0:  GOTO   1D4
.................... 	{  
.................... letrero();	 		      	 
01D1:  CALL   152
....................     } 
01D2:  INCF   25,F
01D3:  GOTO   1CD
....................  
.................... } 
01D4:  RETLW  00
....................  
....................  
.................... /* 
.................... 	 RB0=0; 
.................... 	 RB1=0; 
.................... 	 RB2=0; 
.................... 	 RB3=0; 
.................... 	 RB4=0; 
.................... 	 RB5=0; 
.................... 	 RB6=0; 
....................   RD0=1;//data 
....................   RD1=1;//clock 
....................   RD2=1;//reset 
....................  
.................... //	PORTA_TRIS = 0b11000000; //1=ENTRADA, 0=SALIDA  
.................... //    PORTB_TRIS = 0b00000000; //1=ENTRADA, 0=SALIDA  
....................  
....................  
.................... */ 

Configuration Fuses:
   Word  1: 3F72   HS NOWDT PUT NODEBUG NOPROTECT BROWNOUT NOLVP NOCPD NOWRT
