CCS PCM C Compiler, Version 4.057, 7433               27-ago-10 02:57

               Filename: mainLuces.lst

               ROM used: 481 words (6%)
                         Largest free fragment is 2048
               RAM used: 34 (9%) at main() level
                         37 (10%) worst case
               Stack:    3 locations

*
0000:  MOVLW  00
0001:  MOVWF  0A
0002:  GOTO   184
0003:  NOP
.................... #INCLUDE "C:\Archivos de programa\PICC\Devices\16f877a.h" 
.................... //////// Standard Header file for the PIC16F877A device //////////////// 
.................... #device PIC16F877A 
.................... #list 
....................  
.................... #FUSES HS,NOWDT,NOLVP,PUT,NOPROTECT 
.................... #USE delay(clock=20000000) 
*
011A:  MOVLW  3A
011B:  MOVWF  04
011C:  BCF    03.7
011D:  MOVF   00,W
011E:  BTFSC  03.2
011F:  GOTO   12D
0120:  MOVLW  06
0121:  MOVWF  78
0122:  CLRF   77
0123:  DECFSZ 77,F
0124:  GOTO   123
0125:  DECFSZ 78,F
0126:  GOTO   122
0127:  MOVLW  7B
0128:  MOVWF  77
0129:  DECFSZ 77,F
012A:  GOTO   129
012B:  DECFSZ 00,F
012C:  GOTO   120
....................   
.................... #BYTE PORTB=0x06  
.................... #BYTE PORTD=0x08  
....................  
....................  
....................  
.................... #BIT RB0=0x06.0 
.................... #BIT RB1=0x06.1 
.................... #BIT RB2=0x06.2 
.................... #BIT RB3=0x06.3 
.................... #BIT RB4=0x06.4 
.................... #BIT RB5=0x06.5 
.................... #BIT RB6=0x06.6 
....................  
.................... #BIT RD0=0x08.0//data 
.................... #BIT RD1=0x08.1//clock 
.................... #BIT RD2=0x08.2//reset 
....................  
.................... int i,j,apaga=1,prende=0; 
*
018F:  MOVLW  01
0190:  BCF    03.5
0191:  MOVWF  22
0192:  CLRF   23
.................... int letpos[16]={0,1,2,3,4,0,1,2,3,4,0,1,2,3,4,0}; 
0193:  CLRF   24
0194:  MOVWF  25
0195:  MOVLW  02
0196:  MOVWF  26
0197:  MOVLW  03
0198:  MOVWF  27
0199:  MOVLW  04
019A:  MOVWF  28
019B:  CLRF   29
019C:  MOVLW  01
019D:  MOVWF  2A
019E:  MOVLW  02
019F:  MOVWF  2B
01A0:  MOVLW  03
01A1:  MOVWF  2C
01A2:  MOVLW  04
01A3:  MOVWF  2D
01A4:  CLRF   2E
01A5:  MOVLW  01
01A6:  MOVWF  2F
01A7:  MOVLW  02
01A8:  MOVWF  30
01A9:  MOVLW  03
01AA:  MOVWF  31
01AB:  MOVLW  04
01AC:  MOVWF  32
01AD:  CLRF   33
.................... int const lether[5][7][5]={ 
.................... {{0,0,0,0,0},{0,0,0,0,0},{0,0,0,0,0},{0,0,0,0,0},{0,0,0,0,0},{0,0,0,0,0},{0,0,0,0,0}},   //  vacio	 
.................... {{1,0,0,1,0},{1,0,0,1,0},{1,0,0,1,0},{1,1,1,1,0},{1,0,0,1,0},{1,0,0,1,0},{1,0,0,1,0}},   //   H 
.................... {{0,1,1,0,0},{1,0,0,1,0},{1,0,0,1,0},{1,0,0,1,0},{1,0,0,1,0},{1,0,0,1,0},{0,1,1,0,0}},   //   O 
.................... {{1,1,1,1,0},{1,0,0,0,0},{1,0,0,0,0},{1,0,0,0,0},{1,0,0,0,0},{1,0,0,0,0},{1,0,0,0,0}},   //   L 
.................... {{1,0,0,1,0},{1,0,0,1,0},{1,0,0,1,0},{1,1,1,1,0},{1,0,0,1,0},{1,0,0,1,0},{0,1,1,0,0}}    //   A  
.................... }; 
.................... void waitjg(); 
.................... void waitletra(); 
.................... void set0(); 
.................... void set1(); 
.................... void reset(); 
.................... void fila(int let,int nu); 
.................... void letrero(); 
....................  
.................... void main(void) 
.................... { 
*
0184:  CLRF   04
0185:  BCF    03.7
0186:  MOVLW  1F
0187:  ANDWF  03,F
0188:  BSF    03.5
0189:  BSF    1F.0
018A:  BSF    1F.1
018B:  BSF    1F.2
018C:  BCF    1F.3
018D:  MOVLW  07
018E:  MOVWF  1C
....................     long nh=0; 
*
01AE:  CLRF   34
01AF:  CLRF   35
.................... 	long useg1=5; 
01B0:  MOVLW  05
01B1:  MOVWF  36
01B2:  CLRF   37
.................... 	int aux,iaux; 
.................... 	set_tris_b(0x00);  // PORTA_TRIS = 0b11000000; //1=ENTRADA, 0=SALIDA  
01B3:  MOVLW  00
01B4:  BSF    03.5
01B5:  MOVWF  06
.................... 	set_tris_d(0x00);  
01B6:  MOVWF  08
....................     PORTB=0; 
01B7:  BCF    03.5
01B8:  CLRF   06
.................... 	PORTD=1; 
01B9:  MOVLW  01
01BA:  MOVWF  08
.................... 	reset(); 
01BB:  GOTO   0BC
.................... 	while(TRUE) 
....................     {	 
.................... 			nh++;	 
01BC:  INCF   34,F
01BD:  BTFSC  03.2
01BE:  INCF   35,F
.................... 	 	if (nh<=useg1) 
01BF:  MOVF   35,W
01C0:  SUBWF  37,W
01C1:  BTFSS  03.0
01C2:  GOTO   1C9
01C3:  BTFSS  03.2
01C4:  GOTO   1C8
01C5:  MOVF   34,W
01C6:  SUBWF  36,W
01C7:  BTFSC  03.0
.................... 	   	    letrero(); 
01C8:  GOTO   12E
....................      	else    
....................       	   {nh=0; 
01C9:  CLRF   35
01CA:  CLRF   34
.................... 	      	aux=letpos[0]; 
01CB:  MOVF   24,W
01CC:  MOVWF  38
.................... 	      	for(iaux=0;iaux<16;iaux++) 
01CD:  CLRF   39
01CE:  MOVF   39,W
01CF:  SUBLW  0F
01D0:  BTFSS  03.0
01D1:  GOTO   1DF
.................... 	      		{ aux++; 
01D2:  INCF   38,F
.................... 	      	 	  if (aux==5)aux=0; 
01D3:  MOVF   38,W
01D4:  SUBLW  05
01D5:  BTFSC  03.2
01D6:  CLRF   38
.................... 			      letpos[iaux]=aux;		      	 
01D7:  MOVLW  24
01D8:  ADDWF  39,W
01D9:  MOVWF  04
01DA:  BCF    03.7
01DB:  MOVF   38,W
01DC:  MOVWF  00
.................... 	      	    }      	    	  
01DD:  INCF   39,F
01DE:  GOTO   1CE
....................       	   } 
....................      }      	 
01DF:  GOTO   1BC
.................... 	 			 
.................... } 
....................  
....................  
.................... /*   
....................  
.................... */ 
....................  
.................... void fila(int nu){ 
....................    //  reset(); 
01E0:  SLEEP
....................    for  (i=0;i<16;i++) 
*
00E7:  CLRF   20
00E8:  MOVF   20,W
00E9:  SUBLW  0F
00EA:  BTFSS  03.0
00EB:  GOTO   117
....................     { 
....................      for (j=0;j<5;j++) 
00EC:  CLRF   21
00ED:  MOVF   21,W
00EE:  SUBLW  04
00EF:  BTFSS  03.0
00F0:  GOTO   115
.................... 		{ 
.................... 			if (lether[letpos[i]][nu][j]==0) 
00F1:  MOVLW  24
00F2:  ADDWF  20,W
00F3:  MOVWF  04
00F4:  BCF    03.7
00F5:  MOVF   00,W
00F6:  MOVWF  3D
00F7:  MOVLW  23
00F8:  MOVWF  3E
00F9:  CALL   0C2
00FA:  MOVF   78,W
00FB:  MOVWF  3C
00FC:  MOVF   3A,W
00FD:  MOVWF  3D
00FE:  MOVLW  05
00FF:  MOVWF  3E
0100:  CALL   0C2
0101:  MOVF   78,W
0102:  ADDWF  3C,W
0103:  ADDWF  21,W
0104:  CALL   004
0105:  XORLW  00
0106:  BTFSS  03.2
0107:  GOTO   10E
.................... 			set0(); 
.................... 			else 
*
010D:  GOTO   113
.................... 			set1(); 
.................... 		} 
*
0113:  INCF   21,F
0114:  GOTO   0ED
....................     } 
0115:  INCF   20,F
0116:  GOTO   0E8
.................... } 
0117:  RETLW  00
.................... void letrero(){ 
....................  
....................      RB6=apaga; 
*
012E:  BTFSS  22.0
012F:  BCF    06.6
0130:  BTFSC  22.0
0131:  BSF    06.6
....................      fila(0); 
0132:  CLRF   3A
0133:  CALL   0E7
....................      RB0=prende; 
0134:  BTFSS  23.0
0135:  BCF    06.0
0136:  BTFSC  23.0
0137:  BSF    06.0
....................      waitletra(); 
0138:  CALL   118
.................... 	    
.................... 	 RB0=apaga; 
0139:  BTFSS  22.0
013A:  BCF    06.0
013B:  BTFSC  22.0
013C:  BSF    06.0
....................      fila(1); 
013D:  MOVLW  01
013E:  MOVWF  3A
013F:  CALL   0E7
....................      RB1=prende; 
0140:  BTFSS  23.0
0141:  BCF    06.1
0142:  BTFSC  23.0
0143:  BSF    06.1
....................      waitletra(); 
0144:  CALL   118
.................... 	    
.................... 	 RB1=apaga; 
0145:  BTFSS  22.0
0146:  BCF    06.1
0147:  BTFSC  22.0
0148:  BSF    06.1
....................      fila(2); 
0149:  MOVLW  02
014A:  MOVWF  3A
014B:  CALL   0E7
....................      RB2=prende; 
014C:  BTFSS  23.0
014D:  BCF    06.2
014E:  BTFSC  23.0
014F:  BSF    06.2
....................      waitletra(); 
0150:  CALL   118
.................... 	    
.................... 	 RB2=apaga; 
0151:  BTFSS  22.0
0152:  BCF    06.2
0153:  BTFSC  22.0
0154:  BSF    06.2
....................      fila(3); 
0155:  MOVLW  03
0156:  MOVWF  3A
0157:  CALL   0E7
....................      RB3=prende; 
0158:  BTFSS  23.0
0159:  BCF    06.3
015A:  BTFSC  23.0
015B:  BSF    06.3
....................      waitletra(); 
015C:  CALL   118
.................... 	    
.................... 	 RB3=apaga; 
015D:  BTFSS  22.0
015E:  BCF    06.3
015F:  BTFSC  22.0
0160:  BSF    06.3
....................      fila(4); 
0161:  MOVLW  04
0162:  MOVWF  3A
0163:  CALL   0E7
....................      RB4=prende; 
0164:  BTFSS  23.0
0165:  BCF    06.4
0166:  BTFSC  23.0
0167:  BSF    06.4
....................      waitletra(); 
0168:  CALL   118
.................... 	    
.................... 	 RB4=apaga; 
0169:  BTFSS  22.0
016A:  BCF    06.4
016B:  BTFSC  22.0
016C:  BSF    06.4
....................      fila(5); 
016D:  MOVLW  05
016E:  MOVWF  3A
016F:  CALL   0E7
....................      RB5=prende; 
0170:  BTFSS  23.0
0171:  BCF    06.5
0172:  BTFSC  23.0
0173:  BSF    06.5
....................      waitletra(); 
0174:  CALL   118
.................... 	    
.................... 	 RB5=apaga; 
0175:  BTFSS  22.0
0176:  BCF    06.5
0177:  BTFSC  22.0
0178:  BSF    06.5
....................      fila(6); 
0179:  MOVLW  06
017A:  MOVWF  3A
017B:  CALL   0E7
....................      RB6=prende; 
017C:  BTFSS  23.0
017D:  BCF    06.6
017E:  BTFSC  23.0
017F:  BSF    06.6
....................      waitletra();  
0180:  CALL   118
....................       
.................... } 
0181:  BCF    0A.3
0182:  BCF    0A.4
0183:  GOTO   1DF (RETURN)
....................  
.................... void set0(void){ 
....................  RD0=0;//data 
*
0108:  BCF    08.0
....................  waitjg(); 
0109:  CALL   0B7
....................  RD1=0;//clock 
010A:  BCF    08.1
....................  waitjg(); 
010B:  CALL   0B7
....................  RD1=1;//clock 
010C:  BSF    08.1
.................... } 
.................... void set1(void){ 
....................  RD0=1;//data 
*
010E:  BSF    08.0
....................  waitjg(); 
010F:  CALL   0B7
....................  RD1=0;//clock 
0110:  BCF    08.1
....................  waitjg(); 
0111:  CALL   0B7
....................  RD1=1;//clock 
0112:  BSF    08.1
.................... } 
.................... void reset(void){ 
....................  //for (irst=0;irst<20;irst++)set0(); 
....................  RD2=0;//data 
*
00BC:  BCF    08.2
....................  waitjg(); 
00BD:  CALL   0B7
....................  RD2=1;//clock	 
00BE:  BSF    08.2
.................... } 
00BF:  BCF    0A.3
00C0:  BCF    0A.4
00C1:  GOTO   1BC (RETURN)
.................... void waitjg(){delay_us(2);}//delay_us(2) 
*
00B7:  MOVLW  03
00B8:  MOVWF  77
00B9:  DECFSZ 77,F
00BA:  GOTO   0B9
00BB:  RETLW  00
.................... void waitletra(){delay_ms(1);}//delay_us(500) 
*
0118:  MOVLW  01
0119:  MOVWF  3A
*
012D:  RETLW  00
....................  
....................  
.................... /* 
.................... 	 RB0=0; 
.................... 	 RB1=0; 
.................... 	 RB2=0; 
.................... 	 RB3=0; 
.................... 	 RB4=0; 
.................... 	 RB5=0; 
.................... 	 RB6=0; 
....................   RD0=1;//data 
....................   RD1=1;//clock 
....................   RD2=1;//reset 
....................  
.................... //	PORTA_TRIS = 0b11000000; //1=ENTRADA, 0=SALIDA  
.................... //    PORTB_TRIS = 0b00000000; //1=ENTRADA, 0=SALIDA  
....................  
....................  
.................... */ 

Configuration Fuses:
   Word  1: 3F72   HS NOWDT PUT NODEBUG NOPROTECT BROWNOUT NOLVP NOCPD NOWRT
