CCS PCM C Compiler, Version 4.057, 7433               10-oct-10 00:38

               Filename: mainLuces.lst

               ROM used: 162 words (2%)
                         Largest free fragment is 2048
               RAM used: 26 (7%) at main() level
                         27 (7%) worst case
               Stack:    2 locations

*
0000:  MOVLW  00
0001:  MOVWF  0A
0002:  GOTO   065
0003:  NOP
.................... #INCLUDE "C:\Archivos de programa\PICC\Devices\16f877a.h" 
.................... //////// Standard Header file for the PIC16F877A device //////////////// 
.................... #device PIC16F877A 
.................... #list 
....................  
.................... #FUSES HS,NOWDT,NOLVP,PUT,NOPROTECT 
.................... #USE delay(clock=20000000) 
*
000F:  MOVLW  34
0010:  MOVWF  04
0011:  BCF    03.7
0012:  MOVF   00,W
0013:  BTFSC  03.2
0014:  GOTO   022
0015:  MOVLW  06
0016:  MOVWF  78
0017:  CLRF   77
0018:  DECFSZ 77,F
0019:  GOTO   018
001A:  DECFSZ 78,F
001B:  GOTO   017
001C:  MOVLW  7B
001D:  MOVWF  77
001E:  DECFSZ 77,F
001F:  GOTO   01E
0020:  DECFSZ 00,F
0021:  GOTO   015
.................... #BYTE PORTC=0x07  
.................... #BYTE PORTB=0x06  
.................... #BYTE PORTD=0x08  
....................  
.................... #BIT RC0=0x07.0 
.................... #BIT RC1=0x07.1 
.................... #BIT RC2=0x07.2 
.................... #BIT RC3=0x07.3 
.................... #BIT RC4=0x07.4 
....................  
.................... #BIT RB0=0x06.0 
.................... #BIT RB1=0x06.1 
.................... #BIT RB2=0x06.2 
.................... #BIT RB3=0x06.3 
.................... #BIT RB4=0x06.4 
.................... #BIT RB5=0x06.5 
.................... #BIT RB6=0x06.6 
....................  
.................... #BIT RD0=0x08.0//data 
.................... #BIT RD1=0x08.1//clock 
.................... #BIT RD2=0x08.2//reset 
....................  
.................... int i,apaga=0,prende=1; 
*
0070:  BCF    03.5
0071:  CLRF   21
0072:  MOVLW  01
0073:  MOVWF  22
.................... int letpos[16]={0,1,2,3,4,5,6,7,8,9,10,11,12,0,1,2}; 
0074:  CLRF   23
0075:  MOVWF  24
0076:  MOVLW  02
0077:  MOVWF  25
0078:  MOVLW  03
0079:  MOVWF  26
007A:  MOVLW  04
007B:  MOVWF  27
007C:  MOVLW  05
007D:  MOVWF  28
007E:  MOVLW  06
007F:  MOVWF  29
0080:  MOVLW  07
0081:  MOVWF  2A
0082:  MOVLW  08
0083:  MOVWF  2B
0084:  MOVLW  09
0085:  MOVWF  2C
0086:  MOVLW  0A
0087:  MOVWF  2D
0088:  MOVLW  0B
0089:  MOVWF  2E
008A:  MOVLW  0C
008B:  MOVWF  2F
008C:  CLRF   30
008D:  MOVLW  01
008E:  MOVWF  31
008F:  MOVLW  02
0090:  MOVWF  32
.................... int const lether[13][7]={ 
.................... {0x00,0x00,0x00,0x00,0x00,0x00,0x00},  //  	vacio 
.................... {0x11,0x11,0x11,0x15,0x1B,0x1B,0x11},  //  M 
.................... {0x11,0x11,0x11,0x1F,0x11,0x11,0x0E},  //  A 
.................... {0x11,0x13,0x13,0x15,0x19,0x19,0x11},  //  N 
.................... {0x0E,0x11,0x11,0x11,0x11,0x11,0x11},  //  U 
.................... {0x11,0x11,0x11,0x1F,0x11,0x11,0x0E},  //  A 
.................... {0x1E,0x10,0x10,0x10,0x10,0x10,0x10},  //  L 
.................... {0x1F,0x04,0x04,0x04,0x04,0x04,0x1F},  //  I 
.................... {0x1E,0x09,0x09,0x09,0x09,0x09,0x1E},  //  D 
.................... {0x11,0x11,0x11,0x1F,0x11,0x11,0x0E},  //  A 
.................... {0x1E,0x09,0x09,0x09,0x09,0x09,0x1E},  //  D  
.................... {0x1F,0x10,0x10,0x1E,0x10,0x10,0x1F},  //  E 
.................... {0x0E,0x11,0x01,0x0E,0x10,0x11,0x0E},  //  S 
.................... }; 
....................  
.................... //void waitjg(); 
.................... //void waitletra(); 
.................... void waitjg(){delay_us(2);}//delay_us(2) 
*
0005:  MOVLW  03
0006:  MOVWF  77
0007:  DECFSZ 77,F
0008:  GOTO   007
.................... void waitletra(){delay_ms(100); 
*
000D:  MOVLW  64
000E:  MOVWF  34
.................... }//delay_us(500) 
*
0022:  RETLW  00
....................  
.................... void piz(int let,int pos); 
.................... void pde(int let,int pos); 
.................... //void set0(); 
.................... //void set1(); 
.................... void reset(); 
.................... void set01(); 
.................... void fila(int let,int nu); 
.................... void letrero(); 
....................  
.................... void main(void) 
.................... { 
*
0065:  CLRF   04
0066:  BCF    03.7
0067:  MOVLW  1F
0068:  ANDWF  03,F
0069:  BSF    03.5
006A:  BSF    1F.0
006B:  BSF    1F.1
006C:  BSF    1F.2
006D:  BCF    1F.3
006E:  MOVLW  07
006F:  MOVWF  1C
....................      
....................     
.................... 	//long useg1=50; 
.................... 	set_tris_b(0x00);  // PORTA_TRIS = 0b11000000; //1=ENTRADA, 0=SALIDA  
*
0093:  MOVLW  00
0094:  BSF    03.5
0095:  MOVWF  06
.................... 	set_tris_d(0x00);  
0096:  MOVWF  08
.................... 	set_tris_c(0x00); 
*
0091:  MOVLW  FF
0092:  MOVWF  33
*
0097:  MOVWF  07
0098:  BCF    03.5
0099:  MOVWF  33
....................     PORTB=0; 
009A:  CLRF   06
....................     PORTC=0; 
009B:  CLRF   07
.................... 	PORTD=1; 
009C:  MOVLW  01
009D:  MOVWF  08
.................... 	reset(); 
009E:  GOTO   004
....................  
.................... 	while(TRUE) 
....................     {	 
.................... 		 
.................... 	   	    letrero(); 
009F:  GOTO   023
....................      	 
....................      }      	 
00A0:  GOTO   09F
.................... 	 			 
.................... } 
....................  
....................  
.................... /*   
....................  
.................... */ 
....................  
.................... void fila(int nu){ 
....................    //  reset(); 
00A1:  SLEEP
....................    for  (i=0;i<16;i++) 
....................     { 
....................     PORTC=lether[letpos[i]][nu]; 
.................... 	RD0=RC4;set01();	 
.................... 	RD0=RC3;set01(); 
.................... 	RD0=RC2;set01(); 
.................... 	RD0=RC1;set01(); 
.................... 	RD0=RC0;set01(); 
.................... 	RD0=0;set01();				 
....................     } 
.................... } 
.................... void piz(int let){ 
....................  
....................  
....................  
.................... } 
....................  
.................... void pde(int let){ 
....................  
....................  
....................  
.................... } 
.................... void set01(){ 
....................   
....................  waitjg(); 
....................  RD1=0;//clock 
....................  waitjg(); 
....................  RD1=1;//clock 
....................   
....................   
....................   
....................   
.................... } 
.................... void letrero(){ 
....................  
....................      RB6=apaga; 
*
0023:  BTFSS  21.0
0024:  BCF    06.6
0025:  BTFSC  21.0
0026:  BSF    06.6
....................      RB0=prende; 
0027:  BTFSS  22.0
0028:  BCF    06.0
0029:  BTFSC  22.0
002A:  BSF    06.0
....................      waitletra();    
002B:  CALL   00D
.................... 	 RB0=apaga; 
002C:  BTFSS  21.0
002D:  BCF    06.0
002E:  BTFSC  21.0
002F:  BSF    06.0
....................      RB1=prende; 
0030:  BTFSS  22.0
0031:  BCF    06.1
0032:  BTFSC  22.0
0033:  BSF    06.1
....................      waitletra(); 
0034:  CALL   00D
.................... 	    
.................... 	 RB1=apaga; 
0035:  BTFSS  21.0
0036:  BCF    06.1
0037:  BTFSC  21.0
0038:  BSF    06.1
....................      RB2=prende; 
0039:  BTFSS  22.0
003A:  BCF    06.2
003B:  BTFSC  22.0
003C:  BSF    06.2
....................      waitletra(); 
003D:  CALL   00D
.................... 	    
.................... 	 RB2=apaga; 
003E:  BTFSS  21.0
003F:  BCF    06.2
0040:  BTFSC  21.0
0041:  BSF    06.2
....................      RB3=prende; 
0042:  BTFSS  22.0
0043:  BCF    06.3
0044:  BTFSC  22.0
0045:  BSF    06.3
....................      waitletra(); 
0046:  CALL   00D
.................... 	    
.................... 	 RB3=apaga; 
0047:  BTFSS  21.0
0048:  BCF    06.3
0049:  BTFSC  21.0
004A:  BSF    06.3
....................      RB4=prende; 
004B:  BTFSS  22.0
004C:  BCF    06.4
004D:  BTFSC  22.0
004E:  BSF    06.4
....................      waitletra(); 
004F:  CALL   00D
.................... 	    
.................... 	 RB4=apaga; 
0050:  BTFSS  21.0
0051:  BCF    06.4
0052:  BTFSC  21.0
0053:  BSF    06.4
....................      RB5=prende; 
0054:  BTFSS  22.0
0055:  BCF    06.5
0056:  BTFSC  22.0
0057:  BSF    06.5
....................      waitletra(); 
0058:  CALL   00D
.................... 	    
.................... 	 RB5=apaga; 
0059:  BTFSS  21.0
005A:  BCF    06.5
005B:  BTFSC  21.0
005C:  BSF    06.5
....................      RB6=prende; 
005D:  BTFSS  22.0
005E:  BCF    06.6
005F:  BTFSC  22.0
0060:  BSF    06.6
....................      waitletra();  
0061:  CALL   00D
....................       
.................... } 
0062:  BCF    0A.3
0063:  BCF    0A.4
0064:  GOTO   0A0 (RETURN)
....................  
....................  
....................  
.................... /* 
.................... void set0(void){ 
....................  RD0=0;//data 
....................  waitjg(); 
....................  RD1=0;//clock 
....................  waitjg(); 
....................  RD1=1;//clock 
.................... } 
.................... void set1(void){ 
....................  RD0=1;//data 
....................  waitjg(); 
....................  RD1=0;//clock 
....................  waitjg(); 
....................  RD1=1;//clock 
.................... } 
....................  
.................... */ 
.................... void reset(void){ 
....................  //for (irst=0;irst<20;irst++)set0(); 
....................  RD2=0;//data 
*
0004:  BCF    08.2
....................  waitjg(); 
....................  RD2=1;//clock	 
*
0009:  BSF    08.2
.................... } 
000A:  BCF    0A.3
000B:  BCF    0A.4
000C:  GOTO   09F (RETURN)
....................  
....................  
....................  
.................... /* 
.................... 	 RB0=0; 
.................... 	 RB1=0; 
.................... 	 RB2=0; 
.................... 	 RB3=0; 
.................... 	 RB4=0; 
.................... 	 RB5=0; 
.................... 	 RB6=0; 
....................   RD0=1;//data 
....................   RD1=1;//clock 
....................   RD2=1;//reset 
....................  
.................... //	PORTA_TRIS = 0b11000000; //1=ENTRADA, 0=SALIDA  
.................... //    PORTB_TRIS = 0b00000000; //1=ENTRADA, 0=SALIDA  
....................  
....................  
.................... */ 

Configuration Fuses:
   Word  1: 3F72   HS NOWDT PUT NODEBUG NOPROTECT BROWNOUT NOLVP NOCPD NOWRT
